

Version:	3.50
CmdLine:	C:\Users\matte\OneDrive - Scuola Paritaria S. Freud SRL\Desktop\FREUD\4°D\QUADERNI E ALTRO\INFORMATICA\JAVA\ESERCIZI IN CLASSE\Progetto_modulo_3_Java\exe\Progetto_modulo_3_Java.exe --l4j-debug
JNI:		No
WOW64:		Yes
Working dir:	C:\Users\matte\OneDrive - Scuola Paritaria S. Freud SRL\Desktop\FREUD\4°D\QUADERNI E ALTRO\INFORMATICA\JAVA\ESERCIZI IN CLASSE\Progetto_modulo_3_Java\exe\.
Requires JDK:	No
Requires 64-Bit: No
Java min ver:	
Java max ver:	
JRE paths:	C:\Program Files\Java\jdk-25
Check launcher:	C:\Program Files\Java\jdk-25\bin\javaw.exe (OK)
Version string: 1.025.000 / 64-Bit (OK)
Launcher:	C:\Program Files\Java\jdk-25\bin\javaw.exe
Launcher args:	-jar "C:\Users\matte\OneDrive - Scuola Paritaria S. Freud SRL\Desktop\FREUD\4°D\QUADERNI E ALTRO\INFORMATICA\JAVA\ESERCIZI IN CLASSE\Progetto_modulo_3_Java\exe\Progetto_modulo_3_Java.exe"
Args length:	187/32768 chars
Exit code:	0


Version:	3.50
CmdLine:	C:\Users\matte\OneDrive - Scuola Paritaria S. Freud SRL\Desktop\FREUD\4°D\QUADERNI E ALTRO\INFORMATICA\JAVA\ESERCIZI IN CLASSE\Progetto_modulo_3_Java\exe\Progetto_modulo_3_Java.exe --l4j-debug
JNI:		No
WOW64:		Yes
Working dir:	C:\Users\matte\OneDrive - Scuola Paritaria S. Freud SRL\Desktop\FREUD\4°D\QUADERNI E ALTRO\INFORMATICA\JAVA\ESERCIZI IN CLASSE\Progetto_modulo_3_Java\exe\.
Requires JDK:	No
Requires 64-Bit: No
Java min ver:	
Java max ver:	
JRE paths:	C:\Program Files\Java\jdk-25
Check launcher:	C:\Program Files\Java\jdk-25\bin\javaw.exe (OK)
Version string: 1.025.000 / 64-Bit (OK)
Launcher:	C:\Program Files\Java\jdk-25\bin\javaw.exe
Launcher args:	-jar "C:\Users\matte\OneDrive - Scuola Paritaria S. Freud SRL\Desktop\FREUD\4°D\QUADERNI E ALTRO\INFORMATICA\JAVA\ESERCIZI IN CLASSE\Progetto_modulo_3_Java\exe\Progetto_modulo_3_Java.exe"
Args length:	187/32768 chars
Exit code:	0


Version:	3.50
CmdLine:	C:\Users\matte\OneDrive - Scuola Paritaria S. Freud SRL\Desktop\FREUD\4°D\QUADERNI E ALTRO\INFORMATICA\JAVA\ESERCIZI IN CLASSE\Progetto_modulo_3_Java\exe\Progetto_modulo_3_Java.exe --l4j-debug
JNI:		No
WOW64:		Yes
Working dir:	C:\Users\matte\OneDrive - Scuola Paritaria S. Freud SRL\Desktop\FREUD\4°D\QUADERNI E ALTRO\INFORMATICA\JAVA\ESERCIZI IN CLASSE\Progetto_modulo_3_Java\exe\.
Requires JDK:	No
Requires 64-Bit: No
Java min ver:	
Java max ver:	
JRE paths:	C:\Program Files\Java\jdk-25
Check launcher:	C:\Program Files\Java\jdk-25\bin\javaw.exe (OK)
Version string: 1.025.000 / 64-Bit (OK)
Launcher:	C:\Program Files\Java\jdk-25\bin\javaw.exe
Launcher args:	-jar "C:\Users\matte\OneDrive - Scuola Paritaria S. Freud SRL\Desktop\FREUD\4°D\QUADERNI E ALTRO\INFORMATICA\JAVA\ESERCIZI IN CLASSE\Progetto_modulo_3_Java\exe\Progetto_modulo_3_Java.exe"
Args length:	187/32768 chars
Exit code:	0


Version:	3.50
CmdLine:	C:\Users\matte\OneDrive - Scuola Paritaria S. Freud SRL\Desktop\FREUD\4°D\QUADERNI E ALTRO\INFORMATICA\JAVA\ESERCIZI IN CLASSE\Progetto_modulo_3_Java\exe\Progetto_modulo_3_Java.exe --l4j-debug
JNI:		No
WOW64:		Yes
Working dir:	C:\Users\matte\OneDrive - Scuola Paritaria S. Freud SRL\Desktop\FREUD\4°D\QUADERNI E ALTRO\INFORMATICA\JAVA\ESERCIZI IN CLASSE\Progetto_modulo_3_Java\exe\.
Requires JDK:	No
Requires 64-Bit: No
Java min ver:	
Java max ver:	
JRE paths:	C:\Program Files\Java\jdk-25
Check launcher:	C:\Program Files\Java\jdk-25\bin\javaw.exe (OK)
Version string: 1.025.000 / 64-Bit (OK)
Launcher:	C:\Program Files\Java\jdk-25\bin\javaw.exe
Launcher args:	-jar "C:\Users\matte\OneDrive - Scuola Paritaria S. Freud SRL\Desktop\FREUD\4°D\QUADERNI E ALTRO\INFORMATICA\JAVA\ESERCIZI IN CLASSE\Progetto_modulo_3_Java\exe\Progetto_modulo_3_Java.exe"
Args length:	187/32768 chars
Exit code:	0
